Traceback (most recent call last):
  File "/sgl-workspace/sglang/profile/mxfp4_w4a8_prefill_local_harness_20260616/harness/run_humming_candidate.py", line 146, in <module>
    main()
  File "/sgl-workspace/sglang/profile/mxfp4_w4a8_prefill_local_harness_20260616/harness/run_humming_candidate.py", line 134, in main
    torch.cuda.synchronize()
  File "/usr/local/lib/python3.12/dist-packages/torch/cuda/__init__.py", line 1162, in synchronize
    return torch._C._cuda_synchronize()
           ^^^^^^^^^^^^^^^^^^^^^^^^^^^^
torch.AcceleratorError: CUDA error: an illegal instruction was encountered
Search for `cudaErrorIllegalInstruction' in https://docs.nvidia.com/cuda/cuda-runtime-api/group__CUDART__TYPES.html for more information.
CUDA kernel errors might be asynchronously reported at some other API call, so the stacktrace below might be incorrect.
For debugging consider passing CUDA_LAUNCH_BLOCKING=1
Compile with `TORCH_USE_CUDA_DSA` to enable device-side assertions.

Traceback (most recent call last):
  File "/sgl-workspace/sglang/profile/mxfp4_w4a8_prefill_local_harness_20260616/harness/run_humming_candidate.py", line 146, in <module>
    main()
  File "/sgl-workspace/sglang/profile/mxfp4_w4a8_prefill_local_harness_20260616/harness/run_humming_candidate.py", line 134, in main
    torch.cuda.synchronize()
  File "/usr/local/lib/python3.12/dist-packages/torch/cuda/__init__.py", line 1162, in synchronize
    return torch._C._cuda_synchronize()
           ^^^^^^^^^^^^^^^^^^^^^^^^^^^^
torch.AcceleratorError: CUDA error: an illegal instruction was encountered
Search for `cudaErrorIllegalInstruction' in https://docs.nvidia.com/cuda/cuda-runtime-api/group__CUDART__TYPES.html for more information.
CUDA kernel errors might be asynchronously reported at some other API call, so the stacktrace below might be incorrect.
For debugging consider passing CUDA_LAUNCH_BLOCKING=1
Compile with `TORCH_USE_CUDA_DSA` to enable device-side assertions.

Traceback (most recent call last):
  File "/sgl-workspace/sglang/profile/mxfp4_w4a8_prefill_local_harness_20260616/harness/run_humming_candidate.py", line 146, in <module>
    main()
  File "/sgl-workspace/sglang/profile/mxfp4_w4a8_prefill_local_harness_20260616/harness/run_humming_candidate.py", line 134, in main
    torch.cuda.synchronize()
  File "/usr/local/lib/python3.12/dist-packages/torch/cuda/__init__.py", line 1162, in synchronize
    return torch._C._cuda_synchronize()
           ^^^^^^^^^^^^^^^^^^^^^^^^^^^^
torch.AcceleratorError: CUDA error: an illegal instruction was encountered
Search for `cudaErrorIllegalInstruction' in https://docs.nvidia.com/cuda/cuda-runtime-api/group__CUDART__TYPES.html for more information.
CUDA kernel errors might be asynchronously reported at some other API call, so the stacktrace below might be incorrect.
For debugging consider passing CUDA_LAUNCH_BLOCKING=1
Compile with `TORCH_USE_CUDA_DSA` to enable device-side assertions.

Traceback (most recent call last):
  File "/sgl-workspace/sglang/profile/mxfp4_w4a8_prefill_local_harness_20260616/harness/run_humming_candidate.py", line 146, in <module>
    main()
  File "/sgl-workspace/sglang/profile/mxfp4_w4a8_prefill_local_harness_20260616/harness/run_humming_candidate.py", line 134, in main
    torch.cuda.synchronize()
  File "/usr/local/lib/python3.12/dist-packages/torch/cuda/__init__.py", line 1162, in synchronize
    return torch._C._cuda_synchronize()
           ^^^^^^^^^^^^^^^^^^^^^^^^^^^^
torch.AcceleratorError: CUDA error: an illegal instruction was encountered
Search for `cudaErrorIllegalInstruction' in https://docs.nvidia.com/cuda/cuda-runtime-api/group__CUDART__TYPES.html for more information.
CUDA kernel errors might be asynchronously reported at some other API call, so the stacktrace below might be incorrect.
For debugging consider passing CUDA_LAUNCH_BLOCKING=1
Compile with `TORCH_USE_CUDA_DSA` to enable device-side assertions.

Traceback (most recent call last):
  File "/sgl-workspace/sglang/profile/mxfp4_w4a8_prefill_local_harness_20260616/harness/run_humming_candidate.py", line 146, in <module>
    main()
  File "/sgl-workspace/sglang/profile/mxfp4_w4a8_prefill_local_harness_20260616/harness/run_humming_candidate.py", line 134, in main
    torch.cuda.synchronize()
  File "/usr/local/lib/python3.12/dist-packages/torch/cuda/__init__.py", line 1162, in synchronize
    return torch._C._cuda_synchronize()
           ^^^^^^^^^^^^^^^^^^^^^^^^^^^^
torch.AcceleratorError: CUDA error: an illegal instruction was encountered
Search for `cudaErrorIllegalInstruction' in https://docs.nvidia.com/cuda/cuda-runtime-api/group__CUDART__TYPES.html for more information.
CUDA kernel errors might be asynchronously reported at some other API call, so the stacktrace below might be incorrect.
For debugging consider passing CUDA_LAUNCH_BLOCKING=1
Compile with `TORCH_USE_CUDA_DSA` to enable device-side assertions.

Traceback (most recent call last):
  File "/sgl-workspace/sglang/profile/mxfp4_w4a8_prefill_local_harness_20260616/harness/run_humming_candidate.py", line 146, in <module>
    main()
  File "/sgl-workspace/sglang/profile/mxfp4_w4a8_prefill_local_harness_20260616/harness/run_humming_candidate.py", line 134, in main
    torch.cuda.synchronize()
  File "/usr/local/lib/python3.12/dist-packages/torch/cuda/__init__.py", line 1162, in synchronize
    return torch._C._cuda_synchronize()
           ^^^^^^^^^^^^^^^^^^^^^^^^^^^^
torch.AcceleratorError: CUDA error: an illegal instruction was encountered
Search for `cudaErrorIllegalInstruction' in https://docs.nvidia.com/cuda/cuda-runtime-api/group__CUDART__TYPES.html for more information.
CUDA kernel errors might be asynchronously reported at some other API call, so the stacktrace below might be incorrect.
For debugging consider passing CUDA_LAUNCH_BLOCKING=1
Compile with `TORCH_USE_CUDA_DSA` to enable device-side assertions.

Traceback (most recent call last):
  File "/sgl-workspace/sglang/profile/mxfp4_w4a8_prefill_local_harness_20260616/harness/run_humming_candidate.py", line 146, in <module>
    main()
  File "/sgl-workspace/sglang/profile/mxfp4_w4a8_prefill_local_harness_20260616/harness/run_humming_candidate.py", line 134, in main
    torch.cuda.synchronize()
  File "/usr/local/lib/python3.12/dist-packages/torch/cuda/__init__.py", line 1162, in synchronize
    return torch._C._cuda_synchronize()
           ^^^^^^^^^^^^^^^^^^^^^^^^^^^^
torch.AcceleratorError: CUDA error: an illegal instruction was encountered
Search for `cudaErrorIllegalInstruction' in https://docs.nvidia.com/cuda/cuda-runtime-api/group__CUDART__TYPES.html for more information.
CUDA kernel errors might be asynchronously reported at some other API call, so the stacktrace below might be incorrect.
For debugging consider passing CUDA_LAUNCH_BLOCKING=1
Compile with `TORCH_USE_CUDA_DSA` to enable device-side assertions.

Traceback (most recent call last):
  File "/sgl-workspace/sglang/profile/mxfp4_w4a8_prefill_local_harness_20260616/harness/run_humming_candidate.py", line 146, in <module>
    main()
  File "/sgl-workspace/sglang/profile/mxfp4_w4a8_prefill_local_harness_20260616/harness/run_humming_candidate.py", line 134, in main
    torch.cuda.synchronize()
  File "/usr/local/lib/python3.12/dist-packages/torch/cuda/__init__.py", line 1162, in synchronize
    return torch._C._cuda_synchronize()
           ^^^^^^^^^^^^^^^^^^^^^^^^^^^^
torch.AcceleratorError: CUDA error: an illegal instruction was encountered
Search for `cudaErrorIllegalInstruction' in https://docs.nvidia.com/cuda/cuda-runtime-api/group__CUDART__TYPES.html for more information.
CUDA kernel errors might be asynchronously reported at some other API call, so the stacktrace below might be incorrect.
For debugging consider passing CUDA_LAUNCH_BLOCKING=1
Compile with `TORCH_USE_CUDA_DSA` to enable device-side assertions.

Traceback (most recent call last):
  File "/sgl-workspace/sglang/profile/mxfp4_w4a8_prefill_local_harness_20260616/harness/run_humming_candidate.py", line 146, in <module>
    main()
  File "/sgl-workspace/sglang/profile/mxfp4_w4a8_prefill_local_harness_20260616/harness/run_humming_candidate.py", line 134, in main
    torch.cuda.synchronize()
  File "/usr/local/lib/python3.12/dist-packages/torch/cuda/__init__.py", line 1162, in synchronize
    return torch._C._cuda_synchronize()
           ^^^^^^^^^^^^^^^^^^^^^^^^^^^^
torch.AcceleratorError: CUDA error: an illegal instruction was encountered
Search for `cudaErrorIllegalInstruction' in https://docs.nvidia.com/cuda/cuda-runtime-api/group__CUDART__TYPES.html for more information.
CUDA kernel errors might be asynchronously reported at some other API call, so the stacktrace below might be incorrect.
For debugging consider passing CUDA_LAUNCH_BLOCKING=1
Compile with `TORCH_USE_CUDA_DSA` to enable device-side assertions.

Traceback (most recent call last):
  File "/sgl-workspace/sglang/profile/mxfp4_w4a8_prefill_local_harness_20260616/harness/run_humming_candidate.py", line 146, in <module>
    main()
  File "/sgl-workspace/sglang/profile/mxfp4_w4a8_prefill_local_harness_20260616/harness/run_humming_candidate.py", line 134, in main
    torch.cuda.synchronize()
  File "/usr/local/lib/python3.12/dist-packages/torch/cuda/__init__.py", line 1162, in synchronize
    return torch._C._cuda_synchronize()
           ^^^^^^^^^^^^^^^^^^^^^^^^^^^^
torch.AcceleratorError: CUDA error: an illegal instruction was encountered
Search for `cudaErrorIllegalInstruction' in https://docs.nvidia.com/cuda/cuda-runtime-api/group__CUDART__TYPES.html for more information.
CUDA kernel errors might be asynchronously reported at some other API call, so the stacktrace below might be incorrect.
For debugging consider passing CUDA_LAUNCH_BLOCKING=1
Compile with `TORCH_USE_CUDA_DSA` to enable device-side assertions.

Traceback (most recent call last):
  File "/sgl-workspace/sglang/profile/mxfp4_w4a8_prefill_local_harness_20260616/harness/run_humming_candidate.py", line 146, in <module>
    main()
  File "/sgl-workspace/sglang/profile/mxfp4_w4a8_prefill_local_harness_20260616/harness/run_humming_candidate.py", line 134, in main
    torch.cuda.synchronize()
  File "/usr/local/lib/python3.12/dist-packages/torch/cuda/__init__.py", line 1162, in synchronize
    return torch._C._cuda_synchronize()
           ^^^^^^^^^^^^^^^^^^^^^^^^^^^^
torch.AcceleratorError: CUDA error: an illegal instruction was encountered
Search for `cudaErrorIllegalInstruction' in https://docs.nvidia.com/cuda/cuda-runtime-api/group__CUDART__TYPES.html for more information.
CUDA kernel errors might be asynchronously reported at some other API call, so the stacktrace below might be incorrect.
For debugging consider passing CUDA_LAUNCH_BLOCKING=1
Compile with `TORCH_USE_CUDA_DSA` to enable device-side assertions.

Traceback (most recent call last):
  File "/sgl-workspace/sglang/profile/mxfp4_w4a8_prefill_local_harness_20260616/harness/run_humming_candidate.py", line 146, in <module>
    main()
  File "/sgl-workspace/sglang/profile/mxfp4_w4a8_prefill_local_harness_20260616/harness/run_humming_candidate.py", line 134, in main
    torch.cuda.synchronize()
  File "/usr/local/lib/python3.12/dist-packages/torch/cuda/__init__.py", line 1162, in synchronize
    return torch._C._cuda_synchronize()
           ^^^^^^^^^^^^^^^^^^^^^^^^^^^^
torch.AcceleratorError: CUDA error: an illegal instruction was encountered
Search for `cudaErrorIllegalInstruction' in https://docs.nvidia.com/cuda/cuda-runtime-api/group__CUDART__TYPES.html for more information.
CUDA kernel errors might be asynchronously reported at some other API call, so the stacktrace below might be incorrect.
For debugging consider passing CUDA_LAUNCH_BLOCKING=1
Compile with `TORCH_USE_CUDA_DSA` to enable device-side assertions.

Traceback (most recent call last):
  File "/sgl-workspace/sglang/profile/mxfp4_w4a8_prefill_local_harness_20260616/harness/run_humming_candidate.py", line 146, in <module>
    main()
  File "/sgl-workspace/sglang/profile/mxfp4_w4a8_prefill_local_harness_20260616/harness/run_humming_candidate.py", line 134, in main
    torch.cuda.synchronize()
  File "/usr/local/lib/python3.12/dist-packages/torch/cuda/__init__.py", line 1162, in synchronize
    return torch._C._cuda_synchronize()
           ^^^^^^^^^^^^^^^^^^^^^^^^^^^^
torch.AcceleratorError: CUDA error: an illegal instruction was encountered
Search for `cudaErrorIllegalInstruction' in https://docs.nvidia.com/cuda/cuda-runtime-api/group__CUDART__TYPES.html for more information.
CUDA kernel errors might be asynchronously reported at some other API call, so the stacktrace below might be incorrect.
For debugging consider passing CUDA_LAUNCH_BLOCKING=1
Compile with `TORCH_USE_CUDA_DSA` to enable device-side assertions.

Traceback (most recent call last):
  File "/sgl-workspace/sglang/profile/mxfp4_w4a8_prefill_local_harness_20260616/harness/run_humming_candidate.py", line 146, in <module>
    main()
  File "/sgl-workspace/sglang/profile/mxfp4_w4a8_prefill_local_harness_20260616/harness/run_humming_candidate.py", line 134, in main
    torch.cuda.synchronize()
  File "/usr/local/lib/python3.12/dist-packages/torch/cuda/__init__.py", line 1162, in synchronize
    return torch._C._cuda_synchronize()
           ^^^^^^^^^^^^^^^^^^^^^^^^^^^^
torch.AcceleratorError: CUDA error: an illegal instruction was encountered
Search for `cudaErrorIllegalInstruction' in https://docs.nvidia.com/cuda/cuda-runtime-api/group__CUDART__TYPES.html for more information.
CUDA kernel errors might be asynchronously reported at some other API call, so the stacktrace below might be incorrect.
For debugging consider passing CUDA_LAUNCH_BLOCKING=1
Compile with `TORCH_USE_CUDA_DSA` to enable device-side assertions.

